// Jest Snapshot v1, https://goo.gl/fbAQLP

exports[`Link component should handle onClick 1`] = `
Object {
  "instance": null,
  "nodeType": "component",
  "props": Object {
    "active": false,
  },
  "rendered": Object {
    "instance": null,
    "nodeType": "host",
    "props": Object {
      "children": undefined,
      "href": "#",
      "onClick": [Function],
    },
    "rendered": null,
    "type": "a",
  },
  "type": [Function],
}
`;
